// Bun Snapshot v1, https://goo.gl/fbAQLP

exports[`str 1 1`] = `"abc"`;

exports[`str 2 1`] = `"abc\\"`;

exports[`str 3 1`] = `"abc""`;

exports[`str 4 1`] = `"1234567812345678""`;

exports[`str 5 1`] = `"123456781234567"1"`;

exports[`str 6 1`] = `"abc""`;

exports[`str 7 1`] = `"\x00\x01\x02\x03\x04"`;
